Log file: prisma_cert_expiration_report_2026-09-09.log
[1/4] Authenticating...
  OK
[2/4] Fetching tenant hierarchy...
  Resolved 46 tenant node(s).
[3/4] Fetching 'Mobile Users' certificates for 46 tenant(s)...
    [1/46] DT US Member Firm (TSG:1602436186) — 37 certificate(s)
    [2/46] US MF Guest (TSG:1604685921) — 37 certificate(s)
    [3/46] Arlington (TSG:1090911908) — 37 certificate(s)
    [4/46] Arlington MRE (TSG:1690653551) — 37 certificate(s)
    [5/46] Arlington Shared (TSG:1993793605) — 37 certificate(s)
    [6/46] Prisma Access Browser POC (TSG:1225559753) — 37 certificate(s)
    [7/46] Deloitte LAB - Private Access (TSG:1476986718) — 37 certificate(s)
    [8/46] EMEA (TSG:1045007019) — 37 certificate(s)
    [9/46] Senden SBC (TSG:1647238425) — 37 certificate(s)
    [10/46] Senden Guest (TSG:1088420019) — 37 certificate(s)
    [11/46] Senden WAN (TSG:1779579365) — 37 certificate(s)
    [12/46] US India (TSG:1725521789) — 37 certificate(s)
    [13/46] USI VPN (TSG:1409951664) — 37 certificate(s)
    [14/46] USI VPN-Firewall (TSG:1246766416) — 37 certificate(s)
    [15/46] USI ODC Networks (TSG:1555616059) — 37 certificate(s)
    [16/46] Anthem (TSG:1381797500) — 37 certificate(s)
    [17/46] BMO (TSG:1407331337) — 37 certificate(s)
    [18/46] FedEx (TSG:1543512475) — 37 certificate(s)
    [19/46] TD Bank (TSG:1882987769) — 37 certificate(s)
    [20/46] EPIC Shared (TSG:1496515042) — 37 certificate(s)
    [21/46] Travelers (TSG:1141481309) — 37 certificate(s)
    [22/46] KP EPIC (TSG:1881642803) — 37 certificate(s)
    [23/46] JPMC (TSG:1258638192) — 37 certificate(s)
    [24/46] KP Non-EPIC (TSG:1266186750) — 37 certificate(s)
    [25/46] Special Projects - Anywhere (TSG:1687070337) — 37 certificate(s)
    [26/46] CallHeers (TSG:1303491867) — 37 certificate(s)
    [27/46] Special Projects (TSG:1685347182) — 37 certificate(s)
    [28/46] ANL-SLM-WKD (TSG:1814728329) — 37 certificate(s)
    [29/46] AI-RunTime-POV (TSG:1701552743) — 37 certificate(s)
    [30/46] Deloitte LAB Tenant (TSG:1573694232) — 37 certificate(s)
    [31/46] US MF (TSG:1468656773) — 37 certificate(s)
    [32/46] US ODC Networks (TSG:1281736170) — 37 certificate(s)
    [33/46] Northwell (TSG:1695131508) — 37 certificate(s)
    [34/46] Monterfiore EPIC (TSG:1589202381) — 37 certificate(s)
    [35/46] KP (TSG:1083029670) — 37 certificate(s)
    [36/46] Novant (TSG:1289622590) — 37 certificate(s)
    [37/46] Samsung (TSG:1202618680) — 37 certificate(s)
    [38/46] Dextra - Non Epic (TSG:1321388123) — 37 certificate(s)
    [39/46] Ascension EPIC (TSG:1983527711) — 37 certificate(s)
    [40/46] US VPN (TSG:1947985383) — 37 certificate(s)
    [41/46] US VPN-Firewall (TSG:1179705705) — 37 certificate(s)
    [42/46] US WAN (TSG:1351248577) — 37 certificate(s)
    [43/46] Deloitte LLP US Firewall Logging Service (TSG:1325594141) — 37 certificate(s)
    [44/46] MVP (TSG:1350106607) — 37 certificate(s)
    [45/46] US Israel WAN_VPN (TSG:1662769361) — 37 certificate(s)
    [46/46] Deloitte LAB - GP Staging (TSG:1277947925) — 37 certificate(s)
  Total certificates retrieved across all tenants: 1702
[4/4] Writing report to 'prisma_cert_expiration_report_2026-09-09.html'...
Done — 184 expired, 0 expiring-soon, 598 expiring-later certificate(s) written to 'prisma_cert_expiration_report_2026-09-09.html'.

Report complete.
